MPASM  5.14                        MATIX1.ASM   2-17-2015  11:06:25         PAGE  1


LOC  OBJECT CODE     LINE SOURCE TEXT
  VALUE

  00000001            00001 TMR0    EQU     1
  00000002            00002 PC              EQU     2
  00000003            00003 STATUS  EQU     3
  00000005            00004 PORTA   EQU     5
  00000006            00005 PORTB   EQU     6
  00000007            00006 PORTC   EQU     7
  00000008            00007 PORTD   EQU     8
  00000009            00008 PORTE   EQU     9
  00000085            00009 TRISA   EQU     85H
  00000086            00010 TRISB   EQU     86H
  00000087            00011 TRISC   EQU     87H
  00000088            00012 TRISD   EQU     88H
  00000089            00013 TRISE   EQU     89H
  00000081            00014 OPTION_R        EQU 81H
  00000002            00015 ZEROBIT EQU     2
  00000020            00016 COUNT   EQU     20H
  00000021            00017 C1              EQU     21H
  00000022            00018 C2              EQU     22H
  00000023            00019 C3              EQU     23H
  00000024            00020 C4              EQU     24H
  00000025            00021 C5              EQU     25H
  00000026            00022 DISP1   EQU     26H
  00000027            00023 DISP2   EQU     27H
  00000028            00024 DISP3   EQU     28H
  00000029            00025 DISP4   EQU     29H
  00000030            00026 DISP5   EQU     30H
  00000031            00027 DISP6   EQU     31H
  00000032            00028 DISP7   EQU     32H     
  00000033            00029 DISP8   EQU     33H
  00000034            00030 DISP9   EQU     34H
  00000035            00031 DISP10  EQU     35H
  00000036            00032 DISP11  EQU     36H
  00000037            00033 DISP12  EQU     37H
  00000038            00034 DISP13  EQU     38H
  00000039            00035 DISP14  EQU     39H
  00000040            00036 DISP15  EQU     40H
  00000041            00037 DISP16  EQU     41H
  00000042            00038 DISP17  EQU     42H     
  00000043            00039 DISP18  EQU     43H
  00000044            00040 DISP19  EQU     44H
  00000045            00041 DISP20  EQU     45H
  00000046            00042 DISP21  EQU     46H
  00000047            00043 DISP22  EQU     47H
  00000048            00044 DISP23  EQU     48H
  00000049            00045 DISP24  EQU     49H
  00000050            00046 DISP25  EQU     50H
  00000051            00047 DISP26  EQU     51H
  00000052            00048 DISP27  EQU     52H     
  00000053            00049 DISP28  EQU     53H
  00000054            00050 DISP29  EQU     54H
  00000055            00051 DISP30  EQU     55H
  00000056            00052 DISP31  EQU     56H
  00000057            00053 DISP32          EQU     57H
MPASM  5.14                        MATIX1.ASM   2-17-2015  11:06:25         PAGE  2


LOC  OBJECT CODE     LINE SOURCE TEXT
  VALUE

  00000058            00054 DISP33          EQU     58H
  00000059            00055 DISP34          EQU     59H
  00000060            00056 DISP35          EQU     60H
  00000061            00057 DISP36          EQU     61H
  00000062            00058 DISP37          EQU     62H
  00000063            00059 DISP38          EQU     63H
  00000064            00060 DISP39          EQU     64H
  00000065            00061 DISP40          EQU     65H
  00000066            00062 STILL   EQU     66H
  00000067            00063 COUNT1  EQU     67H
  00000068            00064 DISP    EQU     68H
  00000017            00065 CCP1CON EQU     17H
  0000000B            00066 INTCON  EQU 0BH
  00000007            00067 GIE             EQU     7
  0000008C            00068 PIE1    EQU     8CH
  0000000C            00069 PIR1    EQU     0CH
  00000006            00070 PEIE    EQU     6
  00000002            00071 CCP1IF  EQU     2
  00000002            00072 CCP1IE  EQU     2
  00000000            00073 EDGE    EQU     0
  00000001            00074 READY   EQU     1
  0000000C            00075 EEDATA          EQU     0CH
  0000000D            00076 EEADR           EQU     0DH
  0000008C            00077 EECON1          EQU     8CH
  0000008D            00078 EECON2          EQU     8DH
  00000000            00079 RD EQU 0 ;read bit in EECON1
  00000001            00080 WR EQU 1 ;Write bit in EECON1
  00000002            00081 WREN EQU 2
  00000069            00082 TSTATUS         EQU     69H
  0000006A            00083 TW              EQU     6AH
  0000006B            00084 TPORTB          EQU     6BH
  0000006C            00085 TNUM    EQU     6CH             
  0000006D            00086 COUNTER         EQU     6DH
  0000006E            00087 NUM             EQU     6EH
  0000006F            00088 COUNTER2 EQU    6FH
  0000005A            00089 FILE1   EQU             5AH
  0000005B            00090 FILE2   EQU             5BH
  0000005C            00091 FILE3   EQU             5CH
  0000005D            00092 STORE   EQU             5DH
  0000005E            00093 FLAG    EQU             5EH
  0000005F            00094 ALPHA   EQU             5FH
                      00095                                                 ; NUM IS FOR COUTIG CHARACTERS
                      00096                                                 ; COUNTER NUMBER OF BITS
                      00097                                                 ; COUNTER2      TO READ FROM THE FIRST ADDRESS
                      00098                                                 ; algorithm; write to eeprom
                      00099                                                 ;stop whe a special key is pressed
                      00100                                                 ;read ad save i ram cosecutively
                      00101                                                 ;decode ad display the stored characters
                      00102 
                      00103         LIST    P=16F877
2100                  00104         ORG             2100H
2100   0000           00105         DE              00H
0000                  00106         ORG             0
MPASM  5.14                        MATIX1.ASM   2-17-2015  11:06:25         PAGE  3


LOC  OBJECT CODE     LINE SOURCE TEXT
  VALUE

0000   2AEC           00107         GOTO    START
0004                  00108         ORG             4
0004   28AB           00109         GOTO    ISR
2007   3FFF           00110         __CONFIG        H'3FFF'
                      00111 ;SUBROUTINE
0005   0181           00112 DELAYP5 CLRF TMR0 ;START TMR0.
0006   0801           00113 LOOPB MOVF TMR0,W ;READ TMR0 INTO W.
0007   3C02           00114                 SUBLW .2 ;TIME-3  195
0008   1D03           00115         BTFSS STATUS,ZEROBIT ;Check TIME-W ¼ 0
0009   2806           00116         GOTO LOOPB ;Time is not ¼ 3.
000A   3400           00117         RETLW 0
000B   0181           00118 DELAY3 CLRF TMR0 ;START TMR0.
000C   0801           00119 LOOPC MOVF TMR0,W ;READ TMR0 INTO W.
000D   3CAA           00120                 SUBLW .170 ;TIME-3
000E   1D03           00121         BTFSS STATUS,ZEROBIT ;Check TIME-W ¼ 0
000F   280C           00122         GOTO LOOPC ;Time is not ¼ 3.
0010   0000           00123         NOP ;add extra delay
0011   0000           00124         NOP
0012   3400           00125         RETLW 0
                      00126 
0013   085D           00127 F1                      MOVF    STORE,W
0014   00DA           00128                         MOVWF   FILE1
0015   2B65           00129                         GOTO    READLOOP
0016   085D           00130 F2                      MOVF    STORE,W
0017   00DB           00131                         MOVWF   FILE2
0018   2B65           00132                         GOTO    READLOOP
0019   085D           00133 F3                      MOVF    STORE,W
001A   00DC           00134                         MOVWF   FILE3
001B   2B65           00135                         GOTO    READLOOP
001C                  00136 DECDISP 
001C   086F           00137                 MOVF    COUNTER2,W
001D   026E           00138                 SUBWF   NUM,W
001E   1903           00139                 BTFSC   STATUS,ZEROBIT
001F   2824           00140                 GOTO    STARTOVER
Message[305]: Using default destination of 1 (file).
0020   0AEF           00141                 INCF    COUNTER2
0021   086F           00142                         MOVF    COUNTER2,W
Message[305]: Using default destination of 1 (file).
0022   0782           00143                         ADDWF   PC
0023   0000           00144                         NOP                     
0024   2828           00145 STARTOVER       GOTO    DECDISP1;FAULT;DECDISP1
0025   282A           00146                         GOTO    DECDISP2
0026   282C           00147                         GOTO    DECDISP3
                      00148                         ;
                      00149                         ;
0027   2824           00150                         GOTO    STARTOVER       ; WHEN IT IS LAST FIGURE CLEAR COUTER2 ALSO REPEAT
0028   085A           00151 DECDISP1        MOVF    FILE1,W
                      00152                 ;       MOVWF   PORTB
                      00153                 ;       GOTO    DECDISP1
0029   29F2           00154                         GOTO    ALPHABET
                      00155                 ;       GOTO    DECDISP1        ;REMOVE LATER
002A   085B           00156 DECDISP2        MOVF    FILE2,W
002B   29F2           00157                         GOTO    ALPHABET
MPASM  5.14                        MATIX1.ASM   2-17-2015  11:06:25         PAGE  4


LOC  OBJECT CODE     LINE SOURCE TEXT
  VALUE

002C   085C           00158 DECDISP3        MOVF    FILE3,W
002D   29F2           00159                         GOTO    ALPHABET
Warning[207]: Found label after column 1. (.)
002E                  00160                         .
Warning[207]: Found label after column 1. (.)
002E                  00161                         .
Warning[207]: Found label after column 1. (.)
002E                  00162                         .
Warning[207]: Found label after column 1. (.)
002E                  00163                         .
002E   2828           00164                         GOTO    DECDISP1
                      00165 
002F                  00166 RAMSTORE        ;MOVF   COUNTER2,W
                      00167                         ;SUBWF  NUM
                      00168                         ;BTFSC  STATUS,ZEROBIT
                      00169                         ;GOTO   CLEAR   
002F   086F           00170                         MOVF    COUNTER2,W
Message[305]: Using default destination of 1 (file).
0030   0782           00171                         ADDWF   PC
0031   2B65           00172                         GOTO    READLOOP
0032   2813           00173                         GOTO    F1
0033   2816           00174                         GOTO    F2
0034   2819           00175                         GOTO    F3      
                      00176                         ;YOU CA STOP HERE READ WILL TAKECARE OF IT
0035   01EF           00177 CLEAR           CLRF    COUNTER2                ;FOR DECDISP
0036   2B75           00178                         GOTO    SAVED
0037   105D           00179 BIT0    BCF             STORE,0
0038   1806           00180                 BTFSC   PORTB,0
0039   145D           00181                 BSF             STORE,0
003A   28B6           00182                 GOTO    RESTORE
003B   10DD           00183 BIT1    BCF             STORE,1
003C   1806           00184                 BTFSC   PORTB,0
003D   14DD           00185                 BSF             STORE,1
003E   28B6           00186                 GOTO    RESTORE
003F   115D           00187 BIT2    BCF             STORE,2
0040   1806           00188                 BTFSC   PORTB,0
0041   155D           00189                 BSF             STORE,2
0042   28B6           00190                 GOTO    RESTORE
0043   11DD           00191 BIT3    BCF             STORE,3
0044   1806           00192                 BTFSC   PORTB,0
0045   15DD           00193                 BSF             STORE,3
0046   28B6           00194                 GOTO    RESTORE
0047   125D           00195 BIT4    BCF             STORE,4
0048   1806           00196                 BTFSC   PORTB,0
0049   165D           00197                 BSF             STORE,4
004A   28B6           00198                 GOTO    RESTORE
004B   12DD           00199 BIT5    BCF             STORE,5
004C   1806           00200                 BTFSC   PORTB,0
004D   16DD           00201                 BSF             STORE,5
004E   28B6           00202                 GOTO    RESTORE
004F   135D           00203 BIT6    BCF             STORE,6
0050   1806           00204                 BTFSC   PORTB,0
0051   175D           00205                 BSF             STORE,6
MPASM  5.14                        MATIX1.ASM   2-17-2015  11:06:25         PAGE  5


LOC  OBJECT CODE     LINE SOURCE TEXT
  VALUE

0052   28B6           00206                 GOTO    RESTORE
0053   13DD           00207 BIT7    BCF             STORE,7
0054   1806           00208                 BTFSC   PORTB,0
0055   17DD           00209                 BSF             STORE,7
0056   28B6           00210                 GOTO    RESTORE
                      00211 
Message[305]: Using default destination of 1 (file).
0057   0AEE           00212 WRITE   INCF    NUM ;   THIS IS WRONG
0058   138B           00213                 BCF             INTCON,GIE
0059   1683           00214                 BSF     STATUS,5 ;BANK3
005A   1703           00215                 BSF             STATUS,6
Message[302]: Register in operand not in bank 0.  Ensure that bank bits are correct.
005B   150C           00216                 BSF     EECON1,WREN ;set WRITE ENABLE
005C   1283           00217                 BCF     STATUS,5 ;BANK0
005D   1303           00218                 BCF             STATUS,6
005E   085D           00219                 MOVF    STORE,W ;move COUNT to EEDATA
005F   1703           00220                 BSF             STATUS,6
0060   008C           00221                 MOVWF   EEDATA
0061   1303           00222                 BCF             STATUS,6
0062   086E           00223                 MOVF    NUM,W
0063   1703           00224                 BSF             STATUS,6
0064   008D           00225                 MOVWF   EEADR
0065   1683           00226                 BSF     STATUS,5 ;BANK3  
0066   3055           00227                 MOVLW   55H ;55 and AA initiates write cycle
Message[302]: Register in operand not in bank 0.  Ensure that bank bits are correct.
0067   008D           00228                 MOVWF   EECON2
0068   30AA           00229                 MOVLW   0AAH
Message[302]: Register in operand not in bank 0.  Ensure that bank bits are correct.
0069   008D           00230                 MOVWF   EECON2
Message[302]: Register in operand not in bank 0.  Ensure that bank bits are correct.
006A   148C           00231                 BSF     EECON1,WR ;WRITE data to EEADR 0
                      00232                 
Message[302]: Register in operand not in bank 0.  Ensure that bank bits are correct.
006B   188C           00233 WRDONE  BTFSC   EECON1,WR
006C   286B           00234                 GOTO    WRDONE 
Message[302]: Register in operand not in bank 0.  Ensure that bank bits are correct.
006D   110C           00235                 BCF     EECON1,WREN
006E   1283           00236                 BCF     STATUS,5 ;BANK0
006F   1303           00237                 BCF             STATUS,6
0070   178B           00238                 BSF             INTCON,GIE      ; I PUT THIS THERE
0071   110C           00239                 BCF             PIR1,CCP1IF
0072   2B5A           00240                 GOTO    FORINT          
                      00241 
                      00242 
0073                  00243 READ            ;MOVF           COUNTER2,W
                      00244                 ;MOVWF  PORTB
                      00245         ;GOTO   READ
                      00246                 
0073   086F           00247                 MOVF    COUNTER2,W
0074   026E           00248                 SUBWF   NUM,W
0075   1D03           00249                 BTFSS   STATUS,ZEROBIT
0076   2879           00250                 GOTO    GO_ON
0077   01EF           00251                 CLRF    COUNTER2
MPASM  5.14                        MATIX1.ASM   2-17-2015  11:06:25         PAGE  6


LOC  OBJECT CODE     LINE SOURCE TEXT
  VALUE

0078   2B75           00252                 GOTO    SAVED
Message[305]: Using default destination of 1 (file).
0079   0AEF           00253 GO_ON   INCF    COUNTER2                ;TO READ FROM EEPROM SEQUENTIALLY
007A   086F           00254                 MOVF    COUNTER2,W
                      00255         ;       MOVLW   .1
007B   1703           00256                 BSF             STATUS,6
007C   008D           00257                 MOVWF   EEADR
007D   1683           00258                 BSF STATUS,5 ;BANK3
Message[302]: Register in operand not in bank 0.  Ensure that bank bits are correct.
007E   140C           00259                 BSF EECON1,RD
007F   1283           00260                 BCF STATUS,5 ;BANK1
0080   080C           00261                 MOVF EEDATA,W
0081   1303           00262                 BCF             STATUS,6        ;BANK0
0082   00DD           00263                 MOVWF STORE
0083   0008           00264                 RETURN
                      00265 
0084                  00266 RECEIVE 
0084   086D           00267                 MOVF    COUNTER,W
0085   3C02           00268                 SUBLW   .2
0086   1903           00269                 BTFSC   STATUS,ZEROBIT
0087   2853           00270                 GOTO    BIT7
0088   086D           00271                 MOVF    COUNTER,W
0089   3C03           00272                 SUBLW   .3
008A   1903           00273                 BTFSC   STATUS,ZEROBIT
008B   284F           00274                 GOTO    BIT6
008C   086D           00275                 MOVF    COUNTER,W
008D   3C04           00276                 SUBLW   .4
008E   1903           00277                 BTFSC   STATUS,ZEROBIT
008F   284B           00278                 GOTO    BIT5
0090   086D           00279                 MOVF    COUNTER,W
0091   3C05           00280                 SUBLW   .5
0092   1903           00281                 BTFSC   STATUS,ZEROBIT
0093   2847           00282                 GOTO    BIT4
0094   086D           00283                 MOVF    COUNTER,W
0095   3C06           00284                 SUBLW   .6
0096   1903           00285                 BTFSC   STATUS,ZEROBIT
0097   2843           00286                 GOTO    BIT3
0098   086D           00287                 MOVF    COUNTER,W
0099   3C07           00288                 SUBLW   .7
009A   1903           00289                 BTFSC   STATUS,ZEROBIT
009B   283F           00290                 GOTO    BIT2
009C   086D           00291                 MOVF    COUNTER,W
009D   3C08           00292                 SUBLW   .8
009E   1903           00293                 BTFSC   STATUS,ZEROBIT
009F   283B           00294                 GOTO    BIT1
00A0   086D           00295                 MOVF    COUNTER,W
00A1   3C09           00296                 SUBLW   .9
00A2   1903           00297                 BTFSC   STATUS,ZEROBIT
00A3   2837           00298                 GOTO    BIT0
00A4   086D           00299                 MOVF    COUNTER,W
00A5   3C0B           00300                 SUBLW   .11
00A6   1D03           00301                 BTFSS   STATUS,ZEROBIT
00A7   28B6           00302                 GOTO    RESTORE
MPASM  5.14                        MATIX1.ASM   2-17-2015  11:06:25         PAGE  7


LOC  OBJECT CODE     LINE SOURCE TEXT
  VALUE

00A8   145E           00303                 BSF             FLAG,0                          ;INDICATE
00A9   01ED           00304                 CLRF    COUNTER
                      00305         ;       INCF    NUM             ;COUNTS CHARACTER
00AA   3400           00306                 RETLW   .0
00AB   00EA           00307 ISR             MOVWF   TW
00AC   0E03           00308                 SWAPF   STATUS,W
00AD   00E9           00309                 MOVWF   TSTATUS
00AE   0806           00310                 MOVF    PORTB,W
00AF   00EB           00311                 MOVWF   TPORTB
                      00312         ;       MOVF    NUM,W
                      00313         ;       MOVWF   TNUM
                      00314                 ; CHECK FOR OTHERS TO SAVE
00B0   2232           00315                 CALL    E
Message[305]: Using default destination of 1 (file).
00B1   0AED           00316                 INCF    COUNTER                 ;increase counter here
                      00317         ;       MOVF    COUNTER,W
                      00318         ;       MOVWF   PORTB
                      00319         ;       CALL    DELAY3
                      00320         ;       CLRF    PORTB
                      00321 
00B2   086D           00322                 MOVF    COUNTER,W
00B3   3C01           00323                 SUBLW   .1
00B4   1D03           00324                 BTFSS   STATUS,ZEROBIT
00B5   2884           00325                 GOTO    RECEIVE
00B6                  00326 RESTORE ;MOVF   TNUM,W
                      00327         ;       MOVWF   NUM
00B6   086B           00328                 MOVF    TPORTB,W
00B7   0086           00329                 MOVWF   PORTB
00B8   0E69           00330                 SWAPF   TSTATUS,W
00B9   0083           00331                 MOVWF   STATUS
00BA   086A           00332                 MOVF    TW,W
00BB   110C           00333                 BCF             PIR1,CCP1IF
00BC   0009           00334                 RETFIE
                      00335 
00BD                  00336 SCANNING
00BD   1509           00337                         BSF             PORTE,2
00BE   1109           00338                         BCF             PORTE,2
00BF   0826           00339                         MOVF    DISP1,W
00C0   00E8           00340                         MOVWF   DISP
00C1   22C1           00341                         CALL    SCANCOL
                      00342 
00C2   22BB           00343                         CALL    CLOCK1
00C3   0827           00344                         MOVF    DISP2,W
00C4   00E8           00345                         MOVWF   DISP
00C5   22C1           00346                         CALL    SCANCOL
                      00347                         
00C6   22BB           00348                         CALL    CLOCK1
00C7   0828           00349                         MOVF    DISP3,W
00C8   00E8           00350                         MOVWF   DISP
00C9   22C1           00351                         CALL    SCANCOL
                      00352 
                      00353                         
00CA   22BB           00354                         CALL    CLOCK1
MPASM  5.14                        MATIX1.ASM   2-17-2015  11:06:25         PAGE  8


LOC  OBJECT CODE     LINE SOURCE TEXT
  VALUE

00CB   0829           00355                         MOVF    DISP4,W
00CC   00E8           00356                         MOVWF   DISP
00CD   22C1           00357                         CALL    SCANCOL
                      00358                         
                      00359                 
                      00360 
00CE   22BB           00361                         CALL    CLOCK1
00CF   0830           00362                         MOVF    DISP5,W
00D0   00E8           00363                         MOVWF   DISP
00D1   22C1           00364                         CALL    SCANCOL
                      00365                 
00D2   22BB           00366                         CALL    CLOCK1
00D3   0831           00367                         MOVF    DISP6,W
00D4   00E8           00368                         MOVWF   DISP
00D5   22C1           00369                         CALL    SCANCOL
00D6   29AB           00370                 GOTO    BACK2   
00D7   22BB           00371                         CALL    CLOCK1
00D8   0832           00372                         MOVF    DISP7,W
00D9   00E8           00373                         MOVWF   DISP
00DA   22C1           00374                         CALL    SCANCOL
                      00375                         
00DB   22BB           00376                         CALL    CLOCK1
00DC   0833           00377                         MOVF    DISP8,W
00DD   00E8           00378                         MOVWF   DISP
00DE   22C1           00379                         CALL    SCANCOL
00DF   29AB           00380         GOTO    BACK2           
00E0   22BB           00381                         CALL    CLOCK1
00E1   0834           00382                         MOVF    DISP9,W
00E2   00E8           00383                         MOVWF   DISP
00E3   22C1           00384                         CALL    SCANCOL
                      00385                 
00E4   22BB           00386                         CALL    CLOCK1
00E5   29AB           00387         GOTO    BACK2
00E6   22BE           00388                         CALL    CLOCK2
00E7   29AB           00389         GOTO    BACK2
00E8   0835           00390                         MOVF    DISP10,W
00E9   00E8           00391                         MOVWF   DISP
00EA   22C1           00392                         CALL    SCANCOL
                      00393         
00EB   22BE           00394                         CALL    CLOCK2
00EC   29AB           00395         GOTO    BACK2
00ED   0836           00396                         MOVF    DISP11,W
00EE   0086           00397                         MOVWF   PORTB
00EF   2005           00398                         CALL    DELAYP5
00F0   30FF           00399                         MOVLW   B'11111111'
00F1   0086           00400                         MOVWF   PORTB
                      00401                         
00F2   22BE           00402                         CALL    CLOCK2
00F3   0837           00403                         MOVF    DISP12,W
00F4   0086           00404                         MOVWF   PORTB
00F5   2005           00405                         CALL    DELAYP5
00F6   30FF           00406                         MOVLW   B'11111111'
00F7   0086           00407                         MOVWF   PORTB
MPASM  5.14                        MATIX1.ASM   2-17-2015  11:06:25         PAGE  9


LOC  OBJECT CODE     LINE SOURCE TEXT
  VALUE

00F8   22BE           00408                         CALL    CLOCK2
00F9   0838           00409                         MOVF    DISP13,W
00FA   0086           00410                         MOVWF   PORTB
00FB   2005           00411                         CALL    DELAYP5
00FC   30FF           00412                         MOVLW   B'11111111'
00FD   0086           00413                         MOVWF   PORTB
                      00414                         
00FE   22BE           00415                         CALL    CLOCK2
00FF   0839           00416                         MOVF    DISP14,W
0100   0086           00417                         MOVWF   PORTB
0101   2005           00418                         CALL    DELAYP5
0102   30FF           00419                         MOVLW   B'11111111'
0103   0086           00420                         MOVWF   PORTB
                      00421                         
0104   22BE           00422                         CALL    CLOCK2
0105   0840           00423                         MOVF    DISP15,W
0106   0086           00424                         MOVWF   PORTB
0107   2005           00425                         CALL    DELAYP5
0108   30FF           00426                         MOVLW   B'11111111'
0109   0086           00427                         MOVWF   PORTB
                      00428                         
010A   22BE           00429                         CALL    CLOCK2
010B   0841           00430                         MOVF    DISP16,W
010C   0086           00431                         MOVWF   PORTB
010D   2005           00432                         CALL    DELAYP5
010E   30FF           00433                         MOVLW   B'11111111'
010F   0086           00434                         MOVWF   PORTB
                      00435                         
0110   22BE           00436                         CALL    CLOCK2
0111   0842           00437                         MOVF    DISP17,W
0112   0086           00438                         MOVWF   PORTB
0113   2005           00439                         CALL    DELAYP5
0114   30FF           00440                         MOVLW   B'11111111'
0115   0086           00441                         MOVWF   PORTB
                      00442                         
0116   22BE           00443                         CALL    CLOCK2
0117   0843           00444                         MOVF    DISP18,W
0118   0086           00445                         MOVWF   PORTB
0119   2005           00446                         CALL    DELAYP5
011A   30FF           00447                         MOVLW   B'11111111'
011B   0086           00448                         MOVWF   PORTB
011C   22BE           00449                         CALL    CLOCK2
                      00450 
011D   0844           00451                         MOVF    DISP19,W
011E   0086           00452                         MOVWF   PORTB
011F   3080           00453                         MOVLW   B'10000000'
0120   0088           00454                         MOVWF   PORTD
0121   2005           00455                         CALL    DELAYP5
0122   30FF           00456                         MOVLW   B'11111111'
0123   0086           00457                         MOVWF   PORTB
0124   0845           00458                         MOVF    DISP20,W
0125   0086           00459                         MOVWF   PORTB
0126   3040           00460                         MOVLW   B'01000000'
MPASM  5.14                        MATIX1.ASM   2-17-2015  11:06:25         PAGE 10


LOC  OBJECT CODE     LINE SOURCE TEXT
  VALUE

0127   0088           00461                         MOVWF   PORTD
0128   2005           00462                         CALL    DELAYP5
0129   30FF           00463                         MOVLW   B'11111111'
012A   0086           00464                         MOVWF   PORTB
012B   0846           00465                         MOVF    DISP21,W
012C   0086           00466                         MOVWF   PORTB
012D   3020           00467                         MOVLW   B'00100000'
012E   0088           00468                         MOVWF   PORTD
012F   2005           00469                         CALL    DELAYP5
0130   30FF           00470                         MOVLW   B'11111111'
0131   0086           00471                         MOVWF   PORTB
0132   0847           00472                         MOVF    DISP22,W
0133   0086           00473                         MOVWF   PORTB
0134   3010           00474                         MOVLW   B'00010000'
0135   0088           00475                         MOVWF   PORTD
0136   2005           00476                         CALL    DELAYP5
0137   30FF           00477                         MOVLW   B'11111111'
0138   0086           00478                         MOVWF   PORTB
0139   0848           00479                         MOVF    DISP23,W
013A   0086           00480                         MOVWF   PORTB
013B   3008           00481                         MOVLW   B'00001000'
013C   0088           00482                         MOVWF   PORTD
013D   2005           00483                         CALL    DELAYP5
013E   30FF           00484                         MOVLW   B'11111111'
013F   0086           00485                         MOVWF   PORTB
0140   0849           00486                         MOVF    DISP24,W
0141   0086           00487                         MOVWF   PORTB
0142   3004           00488                         MOVLW   B'00000100'
0143   0088           00489                         MOVWF   PORTD
0144   2005           00490                         CALL    DELAYP5
0145   30FF           00491                         MOVLW   B'11111111'
0146   0086           00492                         MOVWF   PORTB
0147   0850           00493                         MOVF    DISP25,W
0148   0086           00494                         MOVWF   PORTB
0149   3002           00495                         MOVLW   B'00000010'
014A   0088           00496                         MOVWF   PORTD
014B   2005           00497                         CALL    DELAYP5
014C   30FF           00498                         MOVLW   B'11111111'
014D   0086           00499                         MOVWF   PORTB
014E   0851           00500                         MOVF    DISP26,W
014F   0086           00501                         MOVWF   PORTB
0150   3001           00502                         MOVLW   B'00000001'
0151   0088           00503                         MOVWF   PORTD
0152   2005           00504                         CALL    DELAYP5
0153   30FF           00505                         MOVLW   B'11111111'
0154   0086           00506                         MOVWF   PORTB
0155   0188           00507                         CLRF    PORTD
                      00508 
0156   0852           00509                         MOVF    DISP27,W
0157   0086           00510                         MOVWF   PORTB
0158   3080           00511                         MOVLW   B'10000000'
0159   0087           00512                         MOVWF   PORTC
015A   2005           00513                         CALL    DELAYP5
MPASM  5.14                        MATIX1.ASM   2-17-2015  11:06:25         PAGE 11


LOC  OBJECT CODE     LINE SOURCE TEXT
  VALUE

015B   30FF           00514                         MOVLW   B'11111111'
015C   0086           00515                         MOVWF   PORTB
015D   0853           00516                         MOVF    DISP28,W
015E   0086           00517                         MOVWF   PORTB
015F   3040           00518                         MOVLW   B'01000000'
0160   0087           00519                         MOVWF   PORTC
0161   2005           00520                         CALL    DELAYP5
0162   30FF           00521                         MOVLW   B'11111111'
0163   0086           00522                         MOVWF   PORTB
0164   0854           00523                         MOVF    DISP29,W
0165   0086           00524                         MOVWF   PORTB
0166   3020           00525                         MOVLW   B'00100000'
0167   0087           00526                         MOVWF   PORTC
0168   2005           00527                         CALL    DELAYP5
0169   30FF           00528                         MOVLW   B'11111111'
016A   0086           00529                         MOVWF   PORTB
016B   0855           00530                         MOVF    DISP30,W
016C   0086           00531                         MOVWF   PORTB
016D   3010           00532                         MOVLW   B'00010000'
016E   0087           00533                         MOVWF   PORTC
016F   2005           00534                         CALL    DELAYP5
0170   30FF           00535                         MOVLW   B'11111111'
0171   0086           00536                         MOVWF   PORTB
0172   0856           00537                         MOVF    DISP31,W
0173   0086           00538                         MOVWF   PORTB
0174   3008           00539                         MOVLW   B'00001000'
0175   0087           00540                         MOVWF   PORTC
0176   2005           00541                         CALL    DELAYP5
0177   30FF           00542                         MOVLW   B'11111111'
0178   0086           00543                         MOVWF   PORTB
0179   0857           00544                         MOVF    DISP32,W
017A   0086           00545                         MOVWF   PORTB
017B   3001           00546                         MOVLW   B'00000001' ;MAKING ROOM FOR INTERRUPT
017C   0087           00547                         MOVWF   PORTC
017D   2005           00548                         CALL    DELAYP5
017E   30FF           00549                         MOVLW   B'11111111'
017F   0086           00550                         MOVWF   PORTB
0180   0858           00551                         MOVF    DISP33,W
0181   0086           00552                         MOVWF   PORTB
0182   3002           00553                         MOVLW   B'00000010'
0183   0087           00554                         MOVWF   PORTC
0184   2005           00555                         CALL    DELAYP5
0185   30FF           00556                         MOVLW   B'11111111'
0186   0086           00557                         MOVWF   PORTB
0187   0187           00558                         CLRF    PORTC
                      00559                         
0188   0859           00560                         MOVF    DISP34,W
0189   0086           00561                         MOVWF   PORTB
018A   3001           00562                         MOVLW   B'00000001'
018B   0085           00563                         MOVWF   PORTA
018C   2005           00564                         CALL    DELAYP5
018D   30FF           00565                         MOVLW   B'11111111'
018E   0086           00566                         MOVWF   PORTB
MPASM  5.14                        MATIX1.ASM   2-17-2015  11:06:25         PAGE 12


LOC  OBJECT CODE     LINE SOURCE TEXT
  VALUE

018F   0860           00567                         MOVF    DISP35,W
0190   0086           00568                         MOVWF   PORTB
0191   3002           00569                         MOVLW   B'00000010'
0192   0085           00570                         MOVWF   PORTA
0193   2005           00571                         CALL    DELAYP5
0194   30FF           00572                         MOVLW   B'11111111'
0195   0086           00573                         MOVWF   PORTB
0196   0185           00574                         CLRF    PORTA
0197   29AB           00575                         GOTO BACK2
                      00576 
0198                  00577 WHILE1  
0198   3007           00578                 MOVLW   .7
0199   00A0           00579                 MOVWF   COUNT
Message[305]: Using default destination of 1 (file).
019A   0BA0           00580 BACK    DECFSZ  COUNT
019B   299D           00581                 GOTO    BUFFER
019C   3400           00582                 RETLW   0
                      00583 
019D   0821           00584 BUFFER  MOVF    C1,W
019E   00A6           00585         MOVWF   DISP1
                      00586 
019F   0822           00587         MOVF    C2,W
01A0   00A1           00588         MOVWF   C1
01A1   0823           00589         MOVF    C3,W
01A2   00A2           00590         MOVWF   C2
01A3   0824           00591         MOVF    C4,W
01A4   00A3           00592         MOVWF   C3
01A5   0825           00593         MOVF    C5,W
01A6   00A4           00594         MOVWF   C4
01A7   30FF           00595         MOVLW   .255
01A8   00A5           00596         MOVWF   C5
01A9   3014           00597         MOVLW   .20
01AA   00E6           00598         MOVWF   STILL
Message[305]: Using default destination of 1 (file).
01AB   0BE6           00599 BACK2   DECFSZ  STILL
01AC   28BD           00600         GOTO    SCANNING
01AD   0859           00601                         MOVF    DISP34,W
01AE   00E0           00602                         MOVWF   DISP35
01AF   0858           00603                         MOVF    DISP33,W
01B0   00D9           00604                         MOVWF   DISP34
01B1   0857           00605                         MOVF    DISP32,W
01B2   00D8           00606                         MOVWF   DISP33
01B3   0856           00607                         MOVF    DISP31,W
01B4   00D7           00608                         MOVWF   DISP32
01B5   0855           00609                         MOVF    DISP30,W
01B6   00D6           00610                         MOVWF   DISP31
01B7   0854           00611                         MOVF    DISP29,W
01B8   00D5           00612                         MOVWF   DISP30
01B9   0853           00613                         MOVF    DISP28,W
01BA   00D4           00614                         MOVWF   DISP29
01BB   0852           00615                         MOVF    DISP27,W
01BC   00D3           00616                         MOVWF   DISP28
01BD   0851           00617                         MOVF    DISP26,W
MPASM  5.14                        MATIX1.ASM   2-17-2015  11:06:25         PAGE 13


LOC  OBJECT CODE     LINE SOURCE TEXT
  VALUE

01BE   00D2           00618                         MOVWF   DISP27
01BF   0850           00619                         MOVF    DISP25,W
01C0   00D1           00620                         MOVWF   DISP26
01C1   0849           00621                         MOVF    DISP24,W
01C2   00D0           00622                         MOVWF   DISP25
01C3   0848           00623                         MOVF    DISP23,W
01C4   00C9           00624                         MOVWF   DISP24
01C5   0847           00625                         MOVF    DISP22,W
01C6   00C8           00626                         MOVWF   DISP23
01C7   0846           00627                         MOVF    DISP21,W
01C8   00C7           00628                         MOVWF   DISP22
01C9   0845           00629                         MOVF    DISP20,W
01CA   00C6           00630                         MOVWF   DISP21
01CB   0844           00631                         MOVF    DISP19,W
01CC   00C5           00632                         MOVWF   DISP20
01CD   0843           00633                         MOVF    DISP18,W
01CE   00C4           00634                         MOVWF   DISP19
01CF   0842           00635                         MOVF    DISP17,W
01D0   00C3           00636                         MOVWF   DISP18
01D1   0841           00637                         MOVF    DISP16,W
01D2   00C2           00638                         MOVWF   DISP17
01D3   0840           00639                         MOVF    DISP15,W
01D4   00C1           00640                         MOVWF   DISP16
01D5   0839           00641                         MOVF    DISP14,W
01D6   00C0           00642                         MOVWF   DISP15
01D7   0838           00643                         MOVF    DISP13,W
01D8   00B9           00644                         MOVWF   DISP14
01D9   0837           00645                         MOVF    DISP12,W
01DA   00B8           00646                         MOVWF   DISP13
01DB   0836           00647                         MOVF    DISP11,W
01DC   00B7           00648                         MOVWF   DISP12          
01DD   0835           00649                         MOVF    DISP10,W
01DE   00B6           00650                         MOVWF   DISP11
01DF   0834           00651                         MOVF    DISP9,W
01E0   00B5           00652                         MOVWF   DISP10
01E1   0833           00653                         MOVF    DISP8,W
01E2   00B4           00654                         MOVWF   DISP9
01E3   0832           00655                         MOVF    DISP7,W
01E4   00B3           00656                         MOVWF   DISP8
01E5   0831           00657                         MOVF    DISP6,W
01E6   00B2           00658                         MOVWF   DISP7
01E7   0830           00659                         MOVF    DISP5,W
01E8   00B1           00660                         MOVWF   DISP6
01E9   0829           00661                         MOVF    DISP4,W
01EA   00B0           00662                         MOVWF   DISP5
01EB   0828           00663                         MOVF    DISP3,W
01EC   00A9           00664                         MOVWF   DISP4
01ED   0827           00665                         MOVF    DISP2,W
01EE   00A8           00666                         MOVWF   DISP3
01EF   0826           00667                         MOVF    DISP1,W
01F0   00A7           00668                         MOVWF   DISP2   
01F1   299A           00669         GOTO    BACK
                      00670 
MPASM  5.14                        MATIX1.ASM   2-17-2015  11:06:25         PAGE 14


LOC  OBJECT CODE     LINE SOURCE TEXT
  VALUE

01F2                  00671 ALPHABET
01F2   00DF           00672 A       MOVWF   ALPHA
01F3   3C1C           00673         SUBLW   1CH
01F4   1D03           00674         BTFSS   STATUS,ZEROBIT
01F5   2A02           00675         GOTO    BB      
01F6   30C1           00676         MOVLW   0C1H
01F7   00A1           00677         MOVWF   C1
01F8   30B7           00678         MOVLW   0B7H
01F9   00A2           00679         MOVWF   C2
01FA   3077           00680         MOVLW   77H
01FB   00A3           00681         MOVWF   C3
01FC   30B7           00682         MOVLW   0B7H
01FD   00A4           00683         MOVWF   C4
01FE   30C1           00684         MOVLW   0C1H
01FF   00A5           00685         MOVWF   C5
                      00686         
0200   2198           00687         CALL    WHILE1
0201   281C           00688         GOTO    DECDISP
                      00689 
0202   085F           00690 BB      MOVF    ALPHA,W
0203   3C32           00691         SUBLW   32H
0204   1D03           00692         BTFSS   STATUS,ZEROBIT
0205   2A12           00693         GOTO    C       
0206   3001           00694         MOVLW   01H
0207   00A1           00695         MOVWF   C1
0208   306D           00696         MOVLW   06DH
0209   00A2           00697         MOVWF   C2
020A   306D           00698         MOVLW   6DH
020B   00A3           00699         MOVWF   C3
020C   306D           00700         MOVLW   06DH
020D   00A4           00701         MOVWF   C4
020E   3093           00702         MOVLW   93H
020F   00A5           00703         MOVWF   C5
0210   2198           00704         CALL    WHILE1
0211   281C           00705         GOTO    DECDISP
0212   085F           00706 C       MOVF    ALPHA,W
0213   3C21           00707         SUBLW   21H
0214   1D03           00708         BTFSS   STATUS,ZEROBIT
0215   2B76           00709         GOTO    DEFAULT 
0216   3083           00710         MOVLW   83H
0217   00A1           00711         MOVWF   C1
0218   307D           00712         MOVLW   07DH
0219   00A2           00713         MOVWF   C2
021A   307D           00714         MOVLW   7DH
021B   00A3           00715         MOVWF   C3
021C   307D           00716         MOVLW   07DH
021D   00A4           00717         MOVWF   C4
021E   30BB           00718         MOVLW   0BBH
021F   00A5           00719         MOVWF   C5
0220   2998           00720         GOTO    WHILE1
0221   281C           00721         GOTO    DECDISP
0222   085F           00722 D       MOVF    ALPHA,W
0223   3C23           00723         SUBLW   23H
MPASM  5.14                        MATIX1.ASM   2-17-2015  11:06:25         PAGE 15


LOC  OBJECT CODE     LINE SOURCE TEXT
  VALUE

0224   1D03           00724         BTFSS   STATUS,ZEROBIT
0225   2A32           00725         GOTO    E
0226   3001           00726         MOVLW   01H
0227   00A1           00727         MOVWF   C1
0228   307D           00728         MOVLW   07DH
0229   00A2           00729         MOVWF   C2
022A   307D           00730         MOVLW   07DH
022B   00A3           00731         MOVWF   C3
022C   30BB           00732         MOVLW   0BBH
022D   00A4           00733         MOVWF   C4
022E   30C7           00734         MOVLW   0C7H
022F   00A5           00735         MOVWF   C5
0230   2998           00736         GOTO    WHILE1
0231   281C           00737         GOTO    DECDISP
0232   085F           00738 E       MOVF    ALPHA,W
0233   3C24           00739         SUBLW   24H
0234   1D03           00740         BTFSS   STATUS,ZEROBIT
0235   2A42           00741         GOTO    F
0236   3001           00742         MOVLW   01H
0237   00A1           00743         MOVWF   C1
0238   306D           00744         MOVLW   06DH
0239   00A2           00745         MOVWF   C2
023A   306D           00746         MOVLW   06DH
023B   00A3           00747         MOVWF   C3
023C   306D           00748         MOVLW   06DH
023D   00A4           00749         MOVWF   C4
023E   307D           00750         MOVLW   7DH
023F   00A5           00751         MOVWF   C5
0240   2998           00752         GOTO    WHILE1
0241   281C           00753         GOTO    DECDISP
0242   085F           00754 F       MOVF    ALPHA,W
0243   3C2B           00755         SUBLW   2BH
0244   1D03           00756         BTFSS   STATUS,ZEROBIT
0245   2A51           00757         GOTO    G
0246   3001           00758         MOVLW   01H
0247   00A1           00759         MOVWF   C1
0248   306F           00760         MOVLW   6FH
0249   00A2           00761         MOVWF   C2
024A   306F           00762         MOVLW   6FH
024B   00A3           00763         MOVWF   C3
024C   306F           00764         MOVLW   6FH
024D   00A4           00765         MOVWF   C4
024E   307F           00766         MOVLW   7FH
024F   00A5           00767         MOVWF   C5
0250   2998           00768         GOTO    WHILE1
0251   085F           00769 G       MOVF    ALPHA,W
0252   3C34           00770         SUBLW   34H
0253   1D03           00771         BTFSS   STATUS,ZEROBIT
0254   2A61           00772         GOTO    H
0255   3083           00773         MOVLW   83H
0256   00A1           00774         MOVWF   C1
0257   307D           00775         MOVLW   07DH
0258   00A2           00776         MOVWF   C2
MPASM  5.14                        MATIX1.ASM   2-17-2015  11:06:25         PAGE 16


LOC  OBJECT CODE     LINE SOURCE TEXT
  VALUE

0259   3065           00777         MOVLW   065H
025A   00A3           00778         MOVWF   C3
025B   306D           00779         MOVLW   06DH
025C   00A4           00780         MOVWF   C4
025D   30A3           00781         MOVLW   0A3H
025E   00A5           00782         MOVWF   C5
025F   2998           00783         GOTO    WHILE1
0260   0008           00784                         RETURN
0261   085F           00785 H       MOVF    ALPHA,W
0262   3C33           00786         SUBLW   33H
0263   1D03           00787         BTFSS   STATUS,ZEROBIT
0264   2A70           00788         GOTO    I
0265   3001           00789         MOVLW   01H
0266   00A1           00790         MOVWF   C1
0267   30EF           00791         MOVLW   0EFH
0268   00A2           00792         MOVWF   C2
0269   30EF           00793         MOVLW   0EFH
026A   00A3           00794         MOVWF   C3
026B   30EF           00795         MOVLW   0EFH
026C   00A4           00796         MOVWF   C4
026D   3001           00797         MOVLW   01H
026E   00A5           00798         MOVWF   C5
026F   2998           00799         GOTO    WHILE1
0270   085F           00800 I       MOVF    ALPHA,W
0271   3C43           00801         SUBLW   43H
0272   1D03           00802         BTFSS   STATUS,ZEROBIT
0273   2A80           00803         GOTO    J
0274   307D           00804         MOVLW   7DH
0275   00A1           00805         MOVWF   C1
0276   307D           00806         MOVLW   07DH
0277   00A2           00807         MOVWF   C2
0278   3001           00808         MOVLW   01H
0279   00A3           00809         MOVWF   C3
027A   307D           00810         MOVLW   07DH
027B   00A4           00811         MOVWF   C4
027C   307D           00812         MOVLW   7DH
027D   00A5           00813         MOVWF   C5
027E   2998           00814         GOTO    WHILE1
027F   0008           00815                         RETURN
0280   085F           00816 J       MOVF    ALPHA,W
0281   3C3B           00817         SUBLW   3BH
0282   1D03           00818         BTFSS   STATUS,ZEROBIT
0283   2A8F           00819         GOTO    K
0284   30F3           00820         MOVLW   0F3H
0285   00A1           00821         MOVWF   C1
0286   307D           00822         MOVLW   7DH
0287   00A2           00823         MOVWF   C2
0288   307D           00824         MOVLW   7DH
0289   00A3           00825         MOVWF   C3
028A   3003           00826         MOVLW   03H
028B   00A4           00827         MOVWF   C4
028C   307F           00828         MOVLW   7FH
028D   00A5           00829         MOVWF   C5
MPASM  5.14                        MATIX1.ASM   2-17-2015  11:06:25         PAGE 17


LOC  OBJECT CODE     LINE SOURCE TEXT
  VALUE

028E   2998           00830         GOTO    WHILE1
028F   085F           00831 K       MOVF    ALPHA,W
0290   3C42           00832         SUBLW   42H
0291   1D03           00833         BTFSS   STATUS,ZEROBIT
0292   2A9F           00834         GOTO    L
0293   3001           00835         MOVLW   01H
0294   00A1           00836         MOVWF   C1
0295   30EF           00837         MOVLW   0EFH
0296   00A2           00838         MOVWF   C2
0297   30D7           00839         MOVLW   0D7H
0298   00A3           00840         MOVWF   C3
0299   30BB           00841         MOVLW   0BBH
029A   00A4           00842         MOVWF   C4
029B   307D           00843         MOVLW   7DH
029C   00A5           00844         MOVWF   C5
029D   2998           00845         GOTO    WHILE1
029E   0008           00846                         RETURN
029F   085F           00847 L       MOVF    ALPHA,W
02A0   3C4B           00848         SUBLW   4BH
02A1   1D03           00849         BTFSS   STATUS,ZEROBIT
02A2   2B5A           00850         GOTO    FORINT
02A3   3001           00851         MOVLW   01H
02A4   00A1           00852         MOVWF   C1
02A5   30FD           00853         MOVLW   0FDH
02A6   00A2           00854         MOVWF   C2
02A7   30FD           00855         MOVLW   0FDH
02A8   00A3           00856         MOVWF   C3
02A9   30FD           00857         MOVLW   0FDH
02AA   00A4           00858         MOVWF   C4
02AB   30FD           00859 DL      MOVLW   0FDH    ;remove
02AC   00A5           00860         MOVWF   C5
02AD   2998           00861         GOTO    WHILE1
02AE   0008           00862                         RETURN
                      00863 
                      00864 
                      00865 
                      00866 
                      00867 
                      00868 
02AF   30FF           00869 SP      MOVLW   0FFH
02B0   00A1           00870         MOVWF   C1
02B1   30FF           00871         MOVLW   0FFH
02B2   00A2           00872         MOVWF   C2
02B3   30FF           00873         MOVLW   0FFH
02B4   00A3           00874         MOVWF   C3
02B5   30FF           00875         MOVLW   0FFH
02B6   00A4           00876         MOVWF   C4
02B7   30FF           00877         MOVLW   0FFH
02B8   00A5           00878         MOVWF   C5
02B9   2998           00879         GOTO    WHILE1
02BA   0008           00880                         RETURN
                      00881 
02BB   1489           00882 CLOCK1          BSF             PORTE,1
MPASM  5.14                        MATIX1.ASM   2-17-2015  11:06:25         PAGE 18


LOC  OBJECT CODE     LINE SOURCE TEXT
  VALUE

02BC   1089           00883                         BCF             PORTE,1
02BD   3400           00884                         RETLW   0
02BE   1409           00885 CLOCK2          BSF             PORTE,0
02BF   1009           00886                         BCF             PORTE,0
02C0   3400           00887                         RETLW   0
                      00888 
02C1   0868           00889 SCANCOL         MOVF    DISP,W  
02C2   38FE           00890                         IORLW   0FEH ;11111110
02C3   0086           00891                         MOVWF   PORTB
02C4   2005           00892                         CALL    DELAYP5
02C5   0868           00893                         MOVF    DISP,W
02C6   38FD           00894                         IORLW   0FDH ;11111101
02C7   0086           00895                         MOVWF   PORTB
02C8   2005           00896                         CALL    DELAYP5
02C9   0868           00897                         MOVF    DISP,W
02CA   38FB           00898                         IORLW   0FBH ;11111011
02CB   0086           00899                         MOVWF   PORTB
02CC   2005           00900                         CALL    DELAYP5
02CD   0868           00901                         MOVF    DISP,W
02CE   38F7           00902                         IORLW   0F7H ;11110111
02CF   0086           00903                         MOVWF   PORTB
02D0   2005           00904                         CALL    DELAYP5 
02D1   0868           00905                         MOVF    DISP,W
02D2   38EF           00906                         IORLW   0EFH ;11101111
02D3   0086           00907                         MOVWF   PORTB
02D4   2005           00908                         CALL    DELAYP5
02D5   0868           00909                         MOVF    DISP,W
02D6   38DF           00910                         IORLW   0DFH ;11011111
02D7   0086           00911                         MOVWF   PORTB
02D8   2005           00912                         CALL    DELAYP5
02D9   0868           00913                         MOVF    DISP,W
02DA   38BF           00914                         IORLW   0BFH ;10111111
02DB   0086           00915                         MOVWF   PORTB
02DC   2005           00916                         CALL    DELAYP5
02DD   0868           00917                         MOVF    DISP,W
02DE   387F           00918                         IORLW   07FH ;01111111
02DF   0086           00919                         MOVWF   PORTB
02E0   2005           00920                         CALL    DELAYP5
02E1   30FF           00921                         MOVLW   B'11111111'
02E2   0086           00922                         MOVWF   PORTB
02E3   3400           00923                         RETLW   0
                      00924 
02E4   22AF           00925 GAP                     CALL SP
02E5   22AF           00926                 CALL SP
02E6   22AF           00927                 CALL SP
02E7   22AF           00928                 CALL SP
02E8   22AF           00929                 CALL SP
02E9   22AF           00930                 CALL SP
02EA   22AF           00931                 CALL SP
02EB   0008           00932                 RETURN
02EC                  00933 START   
02EC   1683           00934                 BSF             STATUS,5
02ED   3000           00935                 MOVLW   .0
MPASM  5.14                        MATIX1.ASM   2-17-2015  11:06:25         PAGE 19


LOC  OBJECT CODE     LINE SOURCE TEXT
  VALUE

Message[302]: Register in operand not in bank 0.  Ensure that bank bits are correct.
02EE   0086           00936                 MOVWF   TRISB
02EF   3000           00937                 MOVLW   .0
Message[302]: Register in operand not in bank 0.  Ensure that bank bits are correct.
02F0   0085           00938                 MOVWF   TRISA
02F1   3004           00939                 MOVLW   .4
Message[302]: Register in operand not in bank 0.  Ensure that bank bits are correct.
02F2   0087           00940                 MOVWF   TRISC
02F3   3000           00941                 MOVLW   .0
Message[302]: Register in operand not in bank 0.  Ensure that bank bits are correct.
02F4   0088           00942                 MOVWF   TRISD
02F5   3000           00943                 MOVLW   .0
Message[302]: Register in operand not in bank 0.  Ensure that bank bits are correct.
02F6   0089           00944                 MOVWF   TRISE
02F7   3007           00945                 MOVLW   07H
Message[302]: Register in operand not in bank 0.  Ensure that bank bits are correct.
02F8   0081           00946                 MOVWF   OPTION_R
Message[302]: Register in operand not in bank 0.  Ensure that bank bits are correct.
02F9   150C           00947                 BSF             PIE1,CCP1IE
02FA   0183           00948                 CLRF    STATUS
02FB   0185           00949                 CLRF    PORTA
02FC   0187           00950                 CLRF    PORTC
02FD   0188           00951                 CLRF    PORTD           
02FE   0189           00952                 CLRF    PORTE
02FF   01ED           00953                 CLRF    COUNTER
0300   01EF           00954                 CLRF    COUNTER2
0301   01EE           00955                 CLRF    NUM
0302   3004           00956                 MOVLW   .4
0303   0097           00957                 MOVWF   CCP1CON
0304   018B           00958                 CLRF    INTCON
                      00959                 
0305   110C           00960                 BCF             PIR1,CCP1IF
0306   178B           00961                 BSF             INTCON,GIE
0307   170B           00962                 BSF             INTCON,PEIE
                      00963 
0308   30FF           00964         MOVLW   .255
0309   0086           00965         MOVWF   PORTB
030A   30FF           00966         MOVLW   .255
030B   00A6           00967         MOVWF   DISP1
030C   30FF           00968         MOVLW   .255
030D   00A7           00969         MOVWF   DISP2
030E   30FF           00970         MOVLW   .255
030F   00A8           00971         MOVWF   DISP3
0310   30FF           00972         MOVLW   .255
0311   00A9           00973         MOVWF   DISP4
0312   30FF           00974         MOVLW   .255
0313   00B0           00975         MOVWF   DISP5
0314   30FF           00976         MOVLW   .255
0315   00B1           00977         MOVWF   DISP6
0316   30FF           00978         MOVLW   .255
0317   00B2           00979         MOVWF   DISP7
0318   30FF           00980         MOVLW   .255
0319   00B3           00981         MOVWF   DISP8
MPASM  5.14                        MATIX1.ASM   2-17-2015  11:06:25         PAGE 20


LOC  OBJECT CODE     LINE SOURCE TEXT
  VALUE

031A   30FF           00982         MOVLW   .255
031B   00B4           00983         MOVWF   DISP9
031C   30FF           00984         MOVLW   .255
031D   00B5           00985         MOVWF   DISP10
031E   30FF           00986         MOVLW   .255
031F   00B6           00987         MOVWF   DISP11
0320   30FF           00988         MOVLW   .255
0321   00B7           00989         MOVWF   DISP12
0322   30FF           00990         MOVLW   .255
0323   00B8           00991         MOVWF   DISP13
0324   30FF           00992         MOVLW   .255
0325   00B9           00993         MOVWF   DISP14
0326   30FF           00994         MOVLW   .255
0327   00C0           00995         MOVWF   DISP15
0328   30FF           00996         MOVLW   .255
0329   00C1           00997         MOVWF   DISP16
032A   30FF           00998         MOVLW   .255
032B   00C2           00999         MOVWF   DISP17
032C   30FF           01000         MOVLW   .255
032D   00C3           01001         MOVWF   DISP18
032E   30FF           01002         MOVLW   .255
032F   00C4           01003         MOVWF   DISP19
0330   30FF           01004         MOVLW   .255
0331   00C5           01005         MOVWF   DISP20
0332   30FF           01006         MOVLW   .255
0333   00C6           01007         MOVWF   DISP21
0334   30FF           01008         MOVLW   .255
0335   00C7           01009         MOVWF   DISP22
0336   30FF           01010         MOVLW   .255
0337   00C8           01011         MOVWF   DISP23
0338   30FF           01012         MOVLW   .255
0339   00C9           01013         MOVWF   DISP24
033A   30FF           01014         MOVLW   .255
033B   00D0           01015         MOVWF   DISP25
033C   30FF           01016         MOVLW   .255
033D   00D1           01017         MOVWF   DISP26
033E   30FF           01018         MOVLW   .255
033F   00D2           01019         MOVWF   DISP27
0340   30FF           01020         MOVLW   .255
0341   00D3           01021         MOVWF   DISP28
0342   30FF           01022         MOVLW   .255
0343   00D4           01023         MOVWF   DISP29
0344   30FF           01024         MOVLW   .255
0345   00D5           01025         MOVWF   DISP30
0346   30FF           01026         MOVLW   .255
0347   00D6           01027         MOVWF   DISP31
0348   30FF           01028         MOVLW   .255
0349   00D7           01029         MOVWF   DISP32
034A   30FF           01030         MOVLW   .255
034B   00D8           01031         MOVWF   DISP33
034C   30FF           01032         MOVLW   .255
034D   00D9           01033         MOVWF   DISP34
034E   30FF           01034         MOVLW   .255
MPASM  5.14                        MATIX1.ASM   2-17-2015  11:06:25         PAGE 21


LOC  OBJECT CODE     LINE SOURCE TEXT
  VALUE

034F   00E0           01035         MOVWF   DISP35
0350   30FF           01036         MOVLW   .255
0351   00E1           01037         MOVWF   DISP36
0352   30FF           01038         MOVLW   .255
0353   00E2           01039         MOVWF   DISP37
0354   30FF           01040         MOVLW   .255
0355   00E3           01041         MOVWF   DISP38
0356   30FF           01042         MOVLW   .255
0357   00E4           01043         MOVWF   DISP39
0358   30FF           01044         MOVLW   .255
0359   00E5           01045         MOVWF   DISP40
                      01046         
                      01047 ;PROGRAM STARTS
                      01048 
Warning[207]: Found label after column 1. (BEGIN)
035A                  01049         BEGIN           ;GOTO DEFAULT   ;WELCOME MESSAGE
035A   1C5E           01050 FORINT BTFSS    FLAG,0
035B   2B5A           01051                 GOTO    FORINT
035C   01DE           01052                 CLRF    FLAG
035D   2222           01053                 CALL D
035E   085D           01054                 MOVF    STORE,W
035F   3C00           01055                 SUBLW   00H;5AH         ; END OF INPUT WHEN ENTER IS PRESSED
0360   1D03           01056                 BTFSS   STATUS,ZEROBIT
0361   2857           01057                 GOTO    WRITE
0362   138B           01058                 BCF             INTCON,GIE
0363   130B           01059                 BCF             INTCON,PEIE
0364   01EF           01060                 CLRF    COUNTER2
                      01061         ;       INCF    NUM
0365   2073           01062 READLOOP CALL   READ
                      01063                 
0366   282F           01064                 GOTO    RAMSTORE        ;READS INTO RAM
0367   085A           01065 FAULT           MOVF    FILE1,W
0368   0086           01066                 MOVWF   PORTB
0369   200B           01067                 CALL    DELAY3
036A   200B           01068                 CALL    DELAY3
036B   200B           01069                 CALL    DELAY3
036C   200B           01070                 CALL    DELAY3
036D   200B           01071                 CALL    DELAY3
036E   30FF           01072                 MOVLW   0FFH
036F   0086           01073                 MOVWF   PORTB
0370   200B           01074                 CALL    DELAY3
0371   200B           01075                 CALL    DELAY3
0372   200B           01076                 CALL    DELAY3
0373   200B           01077                 CALL    DELAY3
0374   2B67           01078                 GOTO    FAULT
0375   281C           01079 SAVED   GOTO    DECDISP         ;DECODE AND DISPLAY
                      01080                 
                      01081 
                      01082         
0376                  01083 DEFAULT 
0376   2242           01084                 CALL F
0377   2232           01085                 CALL E
0378   2232           01086                 CALL E
MPASM  5.14                        MATIX1.ASM   2-17-2015  11:06:25         PAGE 22


LOC  OBJECT CODE     LINE SOURCE TEXT
  VALUE

0379   2222           01087                 CALL D
037A   22AF           01088                 CALL SP
037B   22AF           01089                 CALL SP
037C   2B5A           01090         GOTO FORINT
037D   2261           01091                 CALL H
037E   21F2           01092                 CALL A
037F   2270           01093                 CALL I
0380   229F           01094                 CALL L
0381   22AF           01095                 call SP
0382   2202           01096                 call    BB
0383   21F2           01097                 call    A
0384   2202           01098                 call    BB
0385   21F2           01099                 call    A
0386   22E4           01100                 call GAP
0387   2B5A           01101                         GOTO    FORINT  ;FOR INTERRUPT  
                      01102         END
MPASM  5.14                        MATIX1.ASM   2-17-2015  11:06:25         PAGE 23


SYMBOL TABLE
  LABEL                             VALUE 

.                                 0000002E
A                                 000001F2
ALPHA                             0000005F
ALPHABET                          000001F2
BACK                              0000019A
BACK2                             000001AB
BB                                00000202
BEGIN                             0000035A
BIT0                              00000037
BIT1                              0000003B
BIT2                              0000003F
BIT3                              00000043
BIT4                              00000047
BIT5                              0000004B
BIT6                              0000004F
BIT7                              00000053
BUFFER                            0000019D
C                                 00000212
C1                                00000021
C2                                00000022
C3                                00000023
C4                                00000024
C5                                00000025
CCP1CON                           00000017
CCP1IE                            00000002
CCP1IF                            00000002
CLEAR                             00000035
CLOCK1                            000002BB
CLOCK2                            000002BE
COUNT                             00000020
COUNT1                            00000067
COUNTER                           0000006D
COUNTER2                          0000006F
D                                 00000222
DECDISP                           0000001C
DECDISP1                          00000028
DECDISP2                          0000002A
DECDISP3                          0000002C
DEFAULT                           00000376
DELAY3                            0000000B
DELAYP5                           00000005
DISP                              00000068
DISP1                             00000026
DISP10                            00000035
DISP11                            00000036
DISP12                            00000037
DISP13                            00000038
DISP14                            00000039
DISP15                            00000040
DISP16                            00000041
DISP17                            00000042
DISP18                            00000043
DISP19                            00000044
MPASM  5.14                        MATIX1.ASM   2-17-2015  11:06:25         PAGE 24


SYMBOL TABLE
  LABEL                             VALUE 

DISP2                             00000027
DISP20                            00000045
DISP21                            00000046
DISP22                            00000047
DISP23                            00000048
DISP24                            00000049
DISP25                            00000050
DISP26                            00000051
DISP27                            00000052
DISP28                            00000053
DISP29                            00000054
DISP3                             00000028
DISP30                            00000055
DISP31                            00000056
DISP32                            00000057
DISP33                            00000058
DISP34                            00000059
DISP35                            00000060
DISP36                            00000061
DISP37                            00000062
DISP38                            00000063
DISP39                            00000064
DISP4                             00000029
DISP40                            00000065
DISP5                             00000030
DISP6                             00000031
DISP7                             00000032
DISP8                             00000033
DISP9                             00000034
DL                                000002AB
E                                 00000232
EDGE                              00000000
EEADR                             0000000D
EECON1                            0000008C
EECON2                            0000008D
EEDATA                            0000000C
F                                 00000242
F1                                00000013
F2                                00000016
F3                                00000019
FAULT                             00000367
FILE1                             0000005A
FILE2                             0000005B
FILE3                             0000005C
FLAG                              0000005E
FORINT                            0000035A
G                                 00000251
GAP                               000002E4
GIE                               00000007
GO_ON                             00000079
H                                 00000261
I                                 00000270
INTCON                            0000000B
MPASM  5.14                        MATIX1.ASM   2-17-2015  11:06:25         PAGE 25


SYMBOL TABLE
  LABEL                             VALUE 

ISR                               000000AB
J                                 00000280
K                                 0000028F
L                                 0000029F
LOOPB                             00000006
LOOPC                             0000000C
NUM                               0000006E
OPTION_R                          00000081
PC                                00000002
PEIE                              00000006
PIE1                              0000008C
PIR1                              0000000C
PORTA                             00000005
PORTB                             00000006
PORTC                             00000007
PORTD                             00000008
PORTE                             00000009
RAMSTORE                          0000002F
RD                                00000000
READ                              00000073
READLOOP                          00000365
READY                             00000001
RECEIVE                           00000084
RESTORE                           000000B6
SAVED                             00000375
SCANCOL                           000002C1
SCANNING                          000000BD
SP                                000002AF
START                             000002EC
STARTOVER                         00000024
STATUS                            00000003
STILL                             00000066
STORE                             0000005D
TMR0                              00000001
TNUM                              0000006C
TPORTB                            0000006B
TRISA                             00000085
TRISB                             00000086
TRISC                             00000087
TRISD                             00000088
TRISE                             00000089
TSTATUS                           00000069
TW                                0000006A
WHILE1                            00000198
WR                                00000001
WRDONE                            0000006B
WREN                              00000002
WRITE                             00000057
ZEROBIT                           00000002
__16F877                          00000001
MPASM  5.14                        MATIX1.ASM   2-17-2015  11:06:25         PAGE 26


MEMORY USAGE MAP ('X' = Used,  '-' = Unused)


0000 : X---XXXXXXXXXXXX XXXXXXXXXXXXXXXX XXXXXXXXXXXXXXXX XXXXXXXXXXXXXXXX
0040 : XXXXXXXXXXXXXXXX XXXXXXXXXXXXXXXX XXXXXXXXXXXXXXXX XXXXXXXXXXXXXXXX
0080 : XXXXXXXXXXXXXXXX XXXXXXXXXXXXXXXX XXXXXXXXXXXXXXXX XXXXXXXXXXXXXXXX
00C0 : XXXXXXXXXXXXXXXX XXXXXXXXXXXXXXXX XXXXXXXXXXXXXXXX XXXXXXXXXXXXXXXX
0100 : XXXXXXXXXXXXXXXX XXXXXXXXXXXXXXXX XXXXXXXXXXXXXXXX XXXXXXXXXXXXXXXX
0140 : XXXXXXXXXXXXXXXX XXXXXXXXXXXXXXXX XXXXXXXXXXXXXXXX XXXXXXXXXXXXXXXX
0180 : XXXXXXXXXXXXXXXX XXXXXXXXXXXXXXXX XXXXXXXXXXXXXXXX XXXXXXXXXXXXXXXX
01C0 : XXXXXXXXXXXXXXXX XXXXXXXXXXXXXXXX XXXXXXXXXXXXXXXX XXXXXXXXXXXXXXXX
0200 : XXXXXXXXXXXXXXXX XXXXXXXXXXXXXXXX XXXXXXXXXXXXXXXX XXXXXXXXXXXXXXXX
0240 : XXXXXXXXXXXXXXXX XXXXXXXXXXXXXXXX XXXXXXXXXXXXXXXX XXXXXXXXXXXXXXXX
0280 : XXXXXXXXXXXXXXXX XXXXXXXXXXXXXXXX XXXXXXXXXXXXXXXX XXXXXXXXXXXXXXXX
02C0 : XXXXXXXXXXXXXXXX XXXXXXXXXXXXXXXX XXXXXXXXXXXXXXXX XXXXXXXXXXXXXXXX
0300 : XXXXXXXXXXXXXXXX XXXXXXXXXXXXXXXX XXXXXXXXXXXXXXXX XXXXXXXXXXXXXXXX
0340 : XXXXXXXXXXXXXXXX XXXXXXXXXXXXXXXX XXXXXXXXXXXXXXXX XXXXXXXXXXXXXXXX
0380 : XXXXXXXX-------- ---------------- ---------------- ----------------
2000 : -------X-------- ---------------- ---------------- ----------------
2100 : X--------------- ---------------- ---------------- ----------------

All other memory blocks unused.

Program Memory Words Used:   901
Program Memory Words Free:  7291


Errors   :     0
Warnings :     5 reported,     0 suppressed
Messages :    22 reported,     0 suppressed

